// Jest Snapshot v1, https://goo.gl/fbAQLP

exports[`<Main /> should render the heading 1`] = `
<div>
  <h1>
    NextJS na Pr√°tica
  </h1>
  <a
    href="#"
  >
    Link
  </a>
</div>
`
